
===== round 1/2 | batch | small-64KiB =====

$ docker run --rm --shm-size=4gb -v /home/ubuntu/ray-batch-rpc/benchmark:/bench:ro 959243851260.dkr.ecr.us-west-2.amazonaws.com/yuanzhuo-temp:batch-rpc_fix python /bench/pull_benchmark.py --local --emit --obj-size-mb 0.0625 --sizes 1,4,16,64,256 --trials 7 --warmup 2 --no-spill
  parsed 5 rows

===== round 1/2 | batch | large-2MiB =====

$ docker run --rm --shm-size=4gb -v /home/ubuntu/ray-batch-rpc/benchmark:/bench:ro 959243851260.dkr.ecr.us-west-2.amazonaws.com/yuanzhuo-temp:batch-rpc_fix python /bench/pull_benchmark.py --local --emit --obj-size-mb 2.0 --sizes 1,2,4,8,16,32 --trials 7 --warmup 2
  parsed 12 rows

===== round 1/2 | nobatch | small-64KiB =====

$ docker run --rm --shm-size=4gb -v /home/ubuntu/ray-batch-rpc/benchmark:/bench:ro 959243851260.dkr.ecr.us-west-2.amazonaws.com/yuanzhuo-temp:nobatch-rpc_fix python /bench/pull_benchmark.py --local --emit --obj-size-mb 0.0625 --sizes 1,4,16,64,256 --trials 7 --warmup 2 --no-spill
  parsed 5 rows

===== round 1/2 | nobatch | large-2MiB =====

$ docker run --rm --shm-size=4gb -v /home/ubuntu/ray-batch-rpc/benchmark:/bench:ro 959243851260.dkr.ecr.us-west-2.amazonaws.com/yuanzhuo-temp:nobatch-rpc_fix python /bench/pull_benchmark.py --local --emit --obj-size-mb 2.0 --sizes 1,2,4,8,16,32 --trials 7 --warmup 2
  parsed 12 rows

===== round 2/2 | batch | small-64KiB =====

$ docker run --rm --shm-size=4gb -v /home/ubuntu/ray-batch-rpc/benchmark:/bench:ro 959243851260.dkr.ecr.us-west-2.amazonaws.com/yuanzhuo-temp:batch-rpc_fix python /bench/pull_benchmark.py --local --emit --obj-size-mb 0.0625 --sizes 1,4,16,64,256 --trials 7 --warmup 2 --no-spill
  parsed 5 rows

===== round 2/2 | batch | large-2MiB =====

$ docker run --rm --shm-size=4gb -v /home/ubuntu/ray-batch-rpc/benchmark:/bench:ro 959243851260.dkr.ecr.us-west-2.amazonaws.com/yuanzhuo-temp:batch-rpc_fix python /bench/pull_benchmark.py --local --emit --obj-size-mb 2.0 --sizes 1,2,4,8,16,32 --trials 7 --warmup 2
  parsed 12 rows

===== round 2/2 | nobatch | small-64KiB =====

$ docker run --rm --shm-size=4gb -v /home/ubuntu/ray-batch-rpc/benchmark:/bench:ro 959243851260.dkr.ecr.us-west-2.amazonaws.com/yuanzhuo-temp:nobatch-rpc_fix python /bench/pull_benchmark.py --local --emit --obj-size-mb 0.0625 --sizes 1,4,16,64,256 --trials 7 --warmup 2 --no-spill
  parsed 5 rows

===== round 2/2 | nobatch | large-2MiB =====

$ docker run --rm --shm-size=4gb -v /home/ubuntu/ray-batch-rpc/benchmark:/bench:ro 959243851260.dkr.ecr.us-west-2.amazonaws.com/yuanzhuo-temp:nobatch-rpc_fix python /bench/pull_benchmark.py --local --emit --obj-size-mb 2.0 --sizes 1,2,4,8,16,32 --trials 7 --warmup 2
  parsed 12 rows

raw results -> /home/ubuntu/ray-batch-rpc/benchmark/samehost_results.json

=== small-64KiB / in_memory: transfer time (ms, median over rounds) ===
 objs      batch    nobatch   speedup  per-obj batch  per-obj nobatch
    1       3.61       2.69     0.75x          3.611            2.691
    4       6.68       4.78     0.72x          1.670            1.195
   16       7.08       8.26     1.17x          0.442            0.516
   64      17.96      17.63     0.98x          0.281            0.275
  256      54.78      55.05     1.00x          0.214            0.215

=== large-2MiB / in_memory: transfer time (ms, median over rounds) ===
 objs      batch    nobatch   speedup  per-obj batch  per-obj nobatch
    1       6.61       5.77     0.87x          6.614            5.774
    2       5.76       6.75     1.17x          2.879            3.375
    4       7.33       7.16     0.98x          1.832            1.790
    8       8.23       8.36     1.02x          1.029            1.045
   16      11.06      12.16     1.10x          0.691            0.760
   32      18.29      19.78     1.08x          0.571            0.618

=== large-2MiB / spilled: transfer time (ms, median over rounds) ===
 objs      batch    nobatch   speedup  per-obj batch  per-obj nobatch
    1       5.20       5.10     0.98x          5.204            5.103
    2       6.38       5.83     0.91x          3.188            2.914
    4       7.65       7.19     0.94x          1.913            1.797
    8       9.62      10.99     1.14x          1.203            1.374
   16      15.82      17.27     1.09x          0.989            1.079
   32      25.16      25.81     1.03x          0.786            0.806

Read the per-obj columns: if batching works, batch's per-object time stays ~flat as N grows while nobatch's climbs (one RPC per object).
